2021/11/16 11:57:35 service[3828] started...
2021/11/16 11:57:36 service[3828]: 1
2021/11/16 11:57:37 service[3828]: 2
2021/11/16 11:57:38 service[3828]: 3
2021/11/16 11:57:39 service[3828]: 4
2021/11/16 11:57:40 service[3828]: 5
2021/11/16 11:57:41 service[3828]: 6
2021/11/16 11:57:42 service[3828]: 7
2021/11/16 11:57:43 service[3828]: 8
2021/11/16 11:57:44 service[3828]: 9
2021/11/16 11:57:45 service[3828]: 10
2021/11/16 11:57:46 service[3828]: 11
2021/11/16 11:57:47 service[3828]: 12
2021/11/16 11:57:48 service[3828]: 13
2021/11/16 11:57:49 service[3828]: 14
2021/11/16 11:57:50 service[3828]: 15
2021/11/16 11:57:51 service[3828]: 16
2021/11/16 11:57:52 service[3828]: 17
2021/11/16 11:57:53 service[3828]: 18
2021/11/16 11:57:54 service[3828]: 19
2021/11/16 11:57:55 service[3828]: 20
2021/11/16 11:57:56 service[3828]: 21
2021/11/16 11:57:57 service[3828]: 22
2021/11/16 11:57:58 service[3828]: 23
2021/11/16 11:57:59 service[3828]: 24
2021/11/16 11:58:00 service[3828]: 25
2021/11/16 11:58:01 service[3828]: 26
2021/11/16 11:58:02 service[3828]: 27
2021/11/16 11:58:03 service[3828]: 28
2021/11/16 11:58:04 service[3828]: 29
2021/11/16 11:58:05 service[3828]: 30
2021/11/16 11:58:06 service[3828]: 31
2021/11/16 11:58:07 service[3828]: 32
2021/11/16 11:58:08 service[3828]: 33
2021/11/16 11:58:09 service[3828]: 34
2021/11/16 11:58:10 service[3828]: 35
2021/11/16 11:58:11 service[3828]: 36
2021/11/16 11:58:12 service[3828]: 37
2021/11/16 11:58:13 service[3828]: 38
2021/11/16 11:58:14 service[3828]: 39
2021/11/16 11:58:15 service[3828]: 40
2021/11/16 11:58:16 service[3828]: 41
2021/11/16 11:58:17 service[3828]: 42
2021/11/16 11:58:18 service[3828]: 43
2021/11/16 11:58:19 service[3828]: 44
2021/11/16 11:58:20 service[3828]: 45
2021/11/16 11:58:21 service[3828]: 46
2021/11/16 11:58:22 service[3828]: 47
2021/11/16 11:58:23 service[3828]: 48
2021/11/16 11:58:24 service[3828]: 49
2021/11/16 11:58:25 service[3828]: 50
2021/11/16 11:58:26 service[3828]: 51
2021/11/16 11:58:27 service[3828]: 52
2021/11/16 11:58:28 service[3828]: 53
2021/11/16 11:58:29 service[3828]: 54
2021/11/16 11:58:30 service[3828]: 55
2021/11/16 11:58:31 service[3828]: 56
2021/11/16 11:58:32 service[3828]: 57
2021/11/16 11:58:33 service[3828]: 58
2021/11/16 11:58:34 service[3828]: 59
2021/11/16 11:58:35 service[3828]: 60
2021/11/16 11:58:36 service[3828]: 61
2021/11/16 11:58:37 service[3828]: 62
2021/11/16 11:58:38 service[3828]: 63
2021/11/16 11:58:39 service[3828]: 64
2021/11/16 11:58:40 service[3828]: 65
2021/11/16 11:58:41 service[3828]: 66
2021/11/16 11:59:29 service[3874] started...
2021/11/16 11:59:30 service[3874]: 1
2021/11/16 11:59:31 service[3874]: 2
2021/11/16 11:59:32 service[3874]: 3
2021/11/16 11:59:33 service[3874]: 4
2021/11/16 11:59:34 service[3874]: 5
2021/11/16 11:59:35 service[3874]: 6
2021/11/16 11:59:36 service[3874]: 7
2021/11/16 11:59:37 service[3874]: 8
2021/11/16 11:59:38 service[3874]: 9
2021/11/16 11:59:39 service[3874]: 10
2021/11/16 11:59:40 service[3874]: 11
2021/11/16 11:59:41 service[3874]: 12
2021/11/16 11:59:42 service[3874]: 13
2021/11/16 11:59:43 service[3874]: 14
2021/11/16 11:59:44 service[3874]: 15
2021/11/16 11:59:45 service[3874]: 16
2021/11/16 11:59:46 service[3874]: 17
2021/11/16 11:59:47 service[3874]: 18
2021/11/16 11:59:48 service[3874]: 19
2021/11/16 11:59:49 service[3874]: 20
2021/11/16 11:59:50 service[3874]: 21
2021/11/16 11:59:51 service[3874]: 22
2021/11/16 11:59:52 service[3874]: 23
2021/11/16 11:59:53 service[3874]: 24
2021/11/16 11:59:54 service[3874]: 25
2021/11/16 11:59:55 service[3874]: 26
2021/11/16 11:59:56 service[3874]: 27
2021/11/16 11:59:57 service[3874]: 28
2021/11/16 11:59:58 service[3874]: 29
2021/11/16 11:59:59 service[3874]: 30
2021/11/16 12:00:00 service[3874]: 31
2021/11/16 12:00:01 service[3874]: 32
2021/11/16 12:00:02 service[3874]: 33
2021/11/16 12:00:03 service[3874]: 34
2021/11/16 12:00:04 service[3874]: 35
2021/11/16 12:00:05 service[3874]: 36
2021/11/16 12:00:06 service[3874]: 37
2021/11/16 12:00:34 service[3941] started...
2021/11/16 12:00:35 service[3941]: 1
2021/11/16 12:00:36 service[3941]: 2
2021/11/16 12:00:37 service[3941]: 3
2021/11/16 12:00:38 service[3941]: 4
2021/11/16 12:00:39 service[3941]: 5
2021/11/16 12:00:40 service[3941]: 6
2021/11/16 12:00:41 service[3941]: 7
2021/11/16 12:00:42 service[3941]: 8
2021/11/16 12:00:43 service[3941]: 9
2021/11/16 12:00:44 service[3941]: 10
2021/11/16 12:00:45 service[3941]: 11
2021/11/16 12:00:46 service[3941]: 12
2021/11/16 12:00:47 service[3941]: 13
2021/11/16 12:00:48 service[3941]: 14
2021/11/16 12:00:49 service[3941]: 15
2021/11/16 12:00:50 service[3941]: 16
2021/11/16 12:00:51 service[3941]: 17
2021/11/16 12:00:52 service[3941]: 18
2021/11/16 12:00:53 service[3941]: 19
2021/11/16 12:00:54 service[3941]: 20
2021/11/16 12:00:55 service[3941]: 21
2021/11/16 12:00:56 service[3941]: 22
2021/11/16 12:00:57 service[3941]: 23
2021/11/16 12:00:58 service[3941]: 24
2021/11/16 12:00:59 service[3941]: 25
2021/11/16 12:01:00 service[3941]: 26
2021/11/16 12:01:01 service[3941]: 27
2021/11/16 12:01:02 service[3941]: 28
2021/11/16 12:01:03 service[3941]: 29
2021/11/16 12:01:04 service[3941]: 30
2021/11/16 12:01:05 service[3941]: 31
2021/11/16 12:01:06 service[3941]: 32
2021/11/16 12:01:07 service[3941]: 33
2021/11/16 12:01:08 service[3941]: 34
2021/11/16 12:01:09 service[3941]: 35
2021/11/16 12:01:10 service[3941]: 36
2021/11/16 12:01:11 service[3941]: 37
2021/11/16 12:01:12 service[3941]: 38
2021/11/16 12:01:13 service[3941]: 39
2021/11/16 12:01:14 service[3941]: 40
2021/11/16 12:01:15 service[3941]: 41
2021/11/16 12:01:16 service[3941]: 42
2021/11/16 12:01:17 service[3941]: 43
2021/11/16 12:01:18 service[3941]: 44
2021/11/16 12:01:19 service[3941]: 45
2021/11/16 12:01:20 service[3941]: 46
2021/11/16 12:01:21 service[3941]: 47
2021/11/16 12:01:22 service[3941]: 48
2021/11/16 12:01:23 service[3941]: 49
2021/11/16 12:01:24 service[3941]: 50
2021/11/16 12:01:25 service[3941]: 51
2021/11/16 12:01:26 service[3941]: 52
2021/11/16 12:01:27 service[3941]: 53
2021/11/16 12:01:28 service[3941]: 54
2021/11/16 12:01:29 service[3941]: 55
2021/11/16 12:01:30 service[3941]: 56
2021/11/16 12:01:31 service[3941]: 57
2021/11/16 12:01:32 service[3941]: 58
2021/11/16 12:01:33 service[3941]: 59
2021/11/16 12:01:34 service[3941]: 60
2021/11/16 12:01:35 service[3941]: 61
2021/11/16 12:01:36 service[3941]: 62
2021/11/16 12:01:37 service[3941]: 63
2021/11/16 12:01:38 service[3941]: 64
2021/11/16 12:01:39 service[3941]: 65
2021/11/16 12:01:40 service[3941]: 66
2021/11/16 12:01:41 service[3941]: 67
2021/11/16 12:01:42 service[3941]: 68
2021/11/16 12:01:43 service[3941]: 69
2021/11/16 12:01:44 service[3941]: 70
2021/11/16 12:01:45 service[3941]: 71
2021/11/16 12:01:46 service[3941]: 72
2021/11/16 12:01:47 service[3941]: 73
2021/11/16 12:01:48 service[3941]: 74
2021/11/16 12:01:49 service[3941]: 75
2021/11/16 12:01:50 service[3941]: 76
2021/11/16 12:01:51 service[3941]: 77
2021/11/16 12:01:52 service[3941]: 78
2021/11/16 12:01:53 service[3941]: 79
2021/11/16 12:01:54 service[3941]: 80
2021/11/16 12:01:55 service[3941]: 81
2021/11/16 12:01:56 service[3941]: 82
2021/11/16 12:01:57 service[3941]: 83
2021/11/16 12:01:58 service[3941]: 84
2021/11/16 12:01:59 service[3941]: 85
2021/11/16 12:02:00 service[3941]: 86
2021/11/16 12:02:01 service[3941]: 87
2021/11/16 12:02:02 service[3941]: 88
2021/11/16 12:02:03 service[3941]: 89
2021/11/16 12:02:04 service[3941]: 90
2021/11/16 12:02:05 service[3941]: 91
2021/11/16 12:02:06 service[3941]: 92
2021/11/16 12:02:07 service[3941]: 93
2021/11/16 12:02:08 service[3941]: 94
2021/11/16 12:02:09 service[3941]: 95
2021/11/16 12:02:10 service[3941]: 96
2021/11/16 12:02:11 service[3941]: 97
2021/11/16 12:02:12 service[3941]: 98
2021/11/16 12:02:13 service[3941]: 99
2021/11/16 12:02:14 service[3941]: 100
2021/11/16 12:02:15 service[3941]: 101
2021/11/16 12:02:16 service[3941]: 102
2021/11/16 12:02:17 service[3941]: 103
2021/11/16 12:02:18 service[3941]: 104
2021/11/16 12:02:19 service[3941]: 105
2021/11/16 12:02:20 service[3941]: 106
2021/11/16 12:02:21 service[3941]: 107
2021/11/16 12:02:22 service[3941]: 108
2021/11/16 12:02:23 service[3941]: 109
2021/11/16 12:02:24 service[3941]: 110
2021/11/16 12:02:25 service[3941]: 111
2021/11/16 12:02:26 service[3941]: 112
2021/11/16 12:02:27 service[3941]: 113
2021/11/16 12:02:28 service[3941]: 114
2021/11/16 12:02:29 service[3941]: 115
2021/11/16 12:02:30 service[3941]: 116
2021/11/16 12:02:31 service[3941]: 117
2021/11/16 12:02:32 service[3941]: 118
2021/11/16 12:02:33 service[3941]: 119
2021/11/16 12:02:34 service[3941]: 120
2021/11/16 12:02:35 service[3941]: 121
2021/11/16 12:02:36 service[3941]: 122
2021/11/16 12:02:37 service[3941]: 123
2021/11/16 12:02:38 service[3941]: 124
2021/11/16 12:02:39 service[3941]: 125
2021/11/16 12:02:40 service[3941]: 126
2021/11/16 12:02:41 service[3941]: 127
2021/11/16 12:02:42 service[3941]: 128
2021/11/16 12:02:43 service[3941]: 129
2021/11/16 12:02:44 service[3941]: 130
2021/11/16 12:02:45 service[3941]: 131
2021/11/16 12:02:46 service[3941]: 132
2021/11/16 12:02:47 service[3941]: 133
2021/11/16 12:02:48 service[3941]: 134
2021/11/16 12:02:49 service[3941]: 135
2021/11/16 12:02:50 service[3941]: 136
2021/11/16 12:02:51 service[3941]: 137
2021/11/16 12:02:52 service[3941]: 138
2021/11/16 12:02:53 service[3941]: 139
2021/11/16 12:02:54 service[3941]: 140
2021/11/16 12:02:55 service[3941]: 141
2021/11/16 12:02:56 service[3941]: 142
2021/11/16 12:02:57 service[3941]: 143
2021/11/16 12:02:58 service[3941]: 144
2021/11/16 12:02:59 service[3941]: 145
2021/11/16 12:03:00 service[3941]: 146
2021/11/16 12:03:01 service[3941]: 147
2021/11/16 12:03:02 service[3941]: 148
2021/11/16 12:03:03 service[3941]: 149
2021/11/16 12:03:04 service[3941]: 150
2021/11/16 12:03:05 service[3941]: 151
2021/11/16 12:03:06 service[3941]: 152
2021/11/16 12:03:07 service[3941]: 153
2021/11/16 12:03:08 service[3941]: 154
2021/11/16 12:03:09 service[3941]: 155
2021/11/16 12:03:10 service[3941]: 156
2021/11/16 12:03:11 service[3941]: 157
2021/11/16 12:03:12 service[3941]: 158
2021/11/16 12:03:13 service[3941]: 159
2021/11/16 12:03:14 service[3941]: 160
2021/11/16 12:03:15 service[3941]: 161
2021/11/16 12:03:16 service[3941]: 162
2021/11/16 12:03:17 service[3941]: 163
2021/11/16 12:03:18 service[3941]: 164
2021/11/16 12:03:19 service[3941]: 165
2021/11/16 12:03:20 service[3941]: 166
